---
source: tests/format.rs
expression: out
input_file: tests/format/obj-actors/record-literals.mo
---
let collapsed = {
  a = 1;
  b = 2;
};
let shorthand = { a; b };
let renamed = { newX = x; y };
let mutable = { x = 1; var y = 2 };
let nested = { outer = { inner = { deep = 1 } } };
let wide = { alpha = 1; beta = 2; gamma = 3; delta = 4; epsilon = 5; zeta = 6; eta = 7 };
let trailing = { a = 1; };
