---
source: tests/format.rs
expression: out
input_file: tests/format/expressions/parens-heads-and-seams.mo
---
if a b;

if (a) b;

if a (b);

if (a) (b);

().0;

x.0.y;

(

).0;

(
  a
).0;

0. y;

0.
y;

_(i);

_[i];

_ (i);

_ [i];

switch x { case _ (i) 1 };

switch x { case _ [i] 1 };

(with a = 1) actor {};

(with a = 1; b = 2) actor {};

(m with a = 1) actor {};

(m with a = 1; b = 2) actor {};

(m with a = 1)
actor {};

(with a = 1)
actor {};

(
  m with
  a = 1;
  b = 2;
)
actor {};

{ base with a = 1 };
