---
source: tests/format.rs
expression: out
input_file: tests/format/expressions/binary-chains.mo
---
let arithmetic = alphaBetaGamma + deltaEpsilonZeta + etaThetaIota + kappaLambdaMu;

let mixedPrecedence = alphaBetaGamma + deltaEpsilonZeta * etaThetaIota - kappaLambdaMu;

let booleanChain = alphaBetaGamma and deltaEpsilonZeta or etaThetaIota and kappaLambdaMu;

let comparisonChain = alphaBetaGamma == deltaEpsilonZeta or etaThetaIota < kappaLambdaMu;

let short = a + b + c;

let single = proposal_submission_deposit_e8s + system_params_reserve_e8s_plus_more;

let pipeline = [1, 2, 3] |> Array.map(func(x : Nat) : Nat { x + 1 }) |> Array.filter(func x { x > 1 }) |> Array.size;

let withComment = alphaBetaGamma + // keep me
    deltaEpsilonZeta;

let concatStaysLong = alphaBetaGammaDelta # deltaEpsilonZetaEta # thetaIotaKappaLambda;

let shiftStaysLong = aaaaaaaabbbbbbbb >> ccccccccdddddddd;

let glued = 1 + 1;

let gluedLeft = 1 +1;

let gluedRight = 1 + 1;

let gluedRel = a == b;

let gluedChain = aaaaaaaabbbbbbbb + ccccccccdddddddd + eeeeeeeeffffffff + gggggggghhhhhhhh;
