---
source: tests/format.rs
expression: out
input_file: tests/format/expressions/operator-spacing.mo
---
1 + 5;
1 + 1;
1 + 1.0;
x + 1;
x + 1.0;
1 * 1;
x * 1;
1 / 1;
x / 1;
1 - 1;
1.0 - 1.0;
x - 1;
x - 1.0;

1 +1;
x +1;
1 -1;
x -1;

1. / +5;

-+5;
+-a;
+ - ^5;
^ ^a;
^ ^ a;

x + -1;
x - +1;

x(+1);
x(-1);
return +1;
return -1;

x;
+1;
