---
source: tests/format.rs
expression: out
input_file: tests/format/layout/whitespace-and-brackets.mo
---
a;

b;

c;

d;

// two blanks follow this comment

e;

let r1 = { abc };
let r2 = { abc };
let r3 = { abc };

let a1 = [1];
let a2 = [1];

let arr = [1];
let indexed = arr[  1  ];

let p = (1);

f(1, 2);

f;
