---
source: tests/format.rs
expression: out
input_file: tests/format/layout/blank-lines-and-groups.mo
---
{};

{};

{

};

{

};

{
  a;
  b
};

{
  a;
  b
};

a;

b;

{};
{ a };
();
(a);

{};
{ a };
();
(a);

(
  xxxxxxxxxxxxxxxxxxxx,
  xxxxxxxxxxxxxxxxxxxx,
  xxxxxxxxxxxxxxxxxxxx,
  xxxxxxxxxxxxxxxxxxxx,
  xxxxxxxxxxxxxxxxxxxx,
);

(
  (
    xxxxxxxxxxxxxxxxxxxx,
    xxxxxxxxxxxxxxxxxxxx,
    xxxxxxxxxxxxxxxxxxxx,
    xxxxxxxxxxxxxxxxxxxx,
    xxxxxxxxxxxxxxxxxxxx
  )
);

(func() {
  a
});

(func() { a });

if true () else ();

if true {} else {};

if true (a) else (b);

if true {
  a
} else if false {
  b
} else {
  c
};

[

  1,
  2,

];

{

  abc;

};

{
  a;

  // c
  b;
};
