---
source: tests/format.rs
expression: out
input_file: tests/format/expressions/coalesce-chains.mo
---
let short = a ?? b ?? c;

let longChain = aaaaaaaaaaaaaaa ?? bbbbbbbbbbbbbbb ?? ccccccccccccccc ?? ddddddddddddddd ?? eeeeeeeeeeeeeeeee;

let singleOperator = proposal_submission_deposit_e8s ?? system_params_reserve_e8s_plus_more;

let glued = a ?? b;

let gluedChain = aaaaaaaabbbbbbbbbb ?? ccccccccccdddddddddd ?? eeeeeeeeeeffffffffff;

let callOperands = someVeryLongFunctionName(argumentOne, argumentTwo) ?? someOtherLongFunction(argumentThree, argumentFour);

let nested = aaaaaaaaaaaaaaaaaaaaa ?? (bbbbbbbbbbbbbbbbbbbbb ?? ccccccccccccccccccccc ?? ddddddddddddddddddddd);

let withComment = aaaaaaaaaaaaaaaaaaaaaaaaaaaaaaa ?? // keep me
    bbbbbbbbbbbbbbbbbbbbbbbbbbbbbbb;

let mixedWithBinary = aaaaaaaaaaaaaaaaaaaaaaaa ?? bbbbbbbbbbbbbbbbbbbbbb + cccccccccccccccccccccccc;

let withHash = aaaaaaaaaaaaaaaaaaaa # bbbbbbbbbbbbbbbbbbbb ?? cccccccccccccccccccc # dddddddddddddddddddd;
