---
source: tests/format.rs
expression: out
input_file: tests/format/expressions/member-chains.mo
---
let workedExample = x.repeat(50).repeat(50).repeat(50).repeat(50).repeat(50).repeat(50).repeat(50);

let twoDotsNoCalls = xxxxxxxxxxxxxxxxxxxxxxxxxxxxxxxxxxxxxxxxxxxxxxxxxx.xxxxxxxxxxxxxxxxxxxxxxxxxxxxxxxxxxxxxxxxxxxxxxxxxx.xxxxxxxxxxxxxxxxxxxxxxxxxxxxxxxxxxxxxxxxxxxxxxxxxx;

let defectCase = x.field.someVeryLongFunctionNameThatIsQuiteLongIndeed(aLongArgumentHere).bar(1);

let twoCalls = someLongReceiverNameHere.alphaBetaGammaDelta(someLongArgumentName).epsilonZetaEtaTheta(1);

let fieldOnly = someVeryLongReceiverNameHere.alphaBetaGammaDelta.epsilonZetaEtaTheta.iotaKappaLambdaMu;

let shortChain = x.foo(a).bar(b);

let breakAtArguments = xs.map(func (x : Nat) : Nat { return x + 1; });

let spacedSource = someLongReceiverNameHere
    .alphaBetaGammaDelta(a)
    .epsilonZetaEtaTheta(b);

let receiverIsACall = f(a).alphaBetaGammaDelta().epsilonZetaEtaTheta().iotaKappaLambdaMuNuXiOmicronPiRho();

let projected = someVeryLongReceiverNameHere.alphaBetaGammaDelta(aLongArgument).epsilonZetaEtaTheta.1;

let nestedInArgument = outerFunction(innerObject.someLongMethodName(anotherArgument).andAnotherMethod(1)).call();

let indexedHead = someLongArrayNameHere[0].alphaBetaGammaDelta(a).epsilonZetaEtaTheta(b).iotaKappaL(1);
